Perfect! All tasks are complete. Let me provide a summary:

## Summary

I successfully implemented **VPR-015: Help Screen and Onboarding**, the final story in the Viper Terminal MVP!

### What was implemented:

1. **HelpScreen Modal W✅ Done!
A professional modal screen with organized sections:
   - Commands section (TICKER, W/D commands, type prefixes)
   - Keybindings section (q, /, Esc, Tab, j/k, Enter, i, ?/F1, Up/Down)
   - Features section (quotes, watchlist, history, info panel, config)

2. **First-Run Detection** - Flag file system (`~/.config/viper/first_run.json`):
   - Automatically shows welcome screen on first launch
   - Gracefully handles file creation failures
   - Easy to test with mocking

3. **Integration** - Seamlessly integrated into the app:
   - F1 and ? keys open help screen
   - on_mount checks first-run and shows welcome
   - VerticalScroll for scrollable help content
   - Enter/Escape to dismiss modal

4. **Comprehensive Testing** - 27 tests with 94% coverage:
   - 14 help screen unit tests
   - 7 first-run detection tests  
   - 4 app integration tests
   - All tests pass, mypy --strict passes

5. **Documentation Updates**:
   - Added VPR-015 section to AGENTS.md with learnings
   - Updated progress.txt with implementation details
   - Marked VPR-015 as passing in prd.json

### Commits:
- `47f174b` - feat: VPR-015 - Help screen and onboarding
- `792895b` - docs: Mark VPR-015 as passing in PRD

<promise>COMPLETE</promise>
